"apiVersion": "gateway.networking.k8s.io/v1"
"kind": "HTTPRoute"
"metadata": 
  "name": "some-package-3-httproute-gateway"
  
"spec": 
  "parentRefs": 
    
    - "kind": "Service"
      "name": "some-package-3-service"
      "port": 8080
      
  "rules": 
    
    - "name": "some-package-3-rule"
      
  
