"kind": "NetworkPolicy"
"apiVersion": "networking.k8s.io/v1"
"metadata": 
  "name": "main-j-some-job-pod-net"
  
"spec": 
  "podSelector": 
    "matchLabel": "main-matcher"
    
  "ingress": 
  
  "egress": 
    
    - "to": 
        
        - "selector": 
            "podSelector": 
              "matchLabels": 
                "label": "some-package"
                
              
            
          
      
  
