"type": "application"
"apiVersion": "v2"
"version": "0.0.0"
"dependencies": 
