"apiVersion": "v1"
"kind": "Secret"
"type": "Opaque"
"metadata": 
  "name": "global"
  
"stringData": 
  "world": {{ .Values.global.hello | quote }}
  
