"type": "application"
"apiVersion": "v2"
"name": "main"
"version": "0.0.0"
"dependencies": 
  
  - "name": "some-package"
    "alias": "some-package"
    "repository": file://../some-package
    
    "version": "1.0.1"
