"apiVersion": "traefik.io/v1alpha1"
"kind": "IngressRoute"
"metadata": 
  "name": "some-package-ingress"
  
"spec": 
  "entryPoints": 
    
    - "pull-secret"
  "routes": 
    
    - "kind": "Rule"
      "match": 
      "services": 
        
        - "name": "some-package-service"
          "port": 8080
          
      "middlewares": 
      
      
  
