"hello": "test"
"world": 1234
"b": true
"o": 
  "example": true
  
