"apiVersion": "v1"
"kind": "Secret"
"type": "Opaque"
"metadata": 
  "name": "some-package"
  
"stringData": 
  "world2": {{ .Values.hello2 | quote }}
  
