"apiVersion": "v1"
"kind": "ConfigMap"
"metadata": 
  "name": "global"
  
"data": 
  "world": {{ .Values.global.hello | quote }}
  
