"apiVersion": "gateway.networking.k8s.io/v1"
"kind": "HTTPRoute"
"metadata": 
  "name": "some-package-with-cors-httproute-gateway"
  
"spec": 
  "parentRefs": 
    
    - "kind": "Service"
      "name": "some-package-with-cors-service"
      "port": 8080
      
  "hostnames": 
    
    - "some{{ .Values.global.host.domain }}"
  "rules": 
    
    - "name": "some-package-with-cors-rule"
      
  
